{
  "user_name": "TH-takahirohara",
  "passward": "test"
}
