{
  "user_name": "TH-takahirohara",
  "password": "test"
}
